node_modules/@github/copilot-sdk/dist/session.d.ts(5,40): error TS2307: Cannot find module 'vscode-jsonrpc/node' or its corresponding type declarations.
node_modules/@webgpu/types/dist/index.d.ts(14,1): error TS6200: Definitions of the following identifiers conflict with those in another file: GPUBindingResource, GPUBufferDynamicOffset, GPUBufferUsageFlags, GPUColor, GPUColorWriteFlags, GPUCopyExternalImageSource, GPUDepthBias, GPUExtent3D, GPUFlagsConstant, GPUIndex32, GPUIntegerCoordinate, GPUIntegerCoordinateOut, GPUMapModeFlags, GPUOrigin2D, GPUOrigin3D, GPUPipelineConstantValue, GPUSampleMask, GPUShaderStageFlags, GPUSignedOffset32, GPUSize32, GPUSize32Out, GPUSize64, GPUSize64Out, GPUStencilValue, GPUTextureUsageFlags, GPUAddressMode, GPUAutoLayoutMode, GPUBlendFactor, GPUBlendOperation, GPUBufferBindingType, GPUBufferMapState, GPUCanvasAlphaMode, GPUCanvasToneMappingMode, GPUCompareFunction, GPUCompilationMessageType, GPUCullMode, GPUDeviceLostReason, GPUErrorFilter, GPUFeatureName, GPUFilterMode, GPUFrontFace, GPUIndexFormat, GPULoadOp, GPUMipmapFilterMode, GPUPipelineErrorReason, GPUPowerPreference, GPUPrimitiveTopology, GPUQueryType, GPUSamplerBindingType, GPUStencilOperation, GPUStorageTextureAccess, GPUStoreOp, GPUTextureAspect, GPUTextureDimension, GPUTextureFormat, GPUTextureSampleType, GPUTextureViewDimension, GPUVertexFormat, GPUVertexStepMode, GPUCommandBufferDescriptor, GPUCommandEncoderDescriptor, GPUQueueDescriptor, GPURenderBundleDescriptor, GPUSupportedFeatures, WGSLLanguageFeatures
node_modules/@webgpu/types/dist/index.d.ts(572,3): error TS2717: Subsequent property declarations must have the same type.  Property 'entries' must be of type 'GPUBindGroupEntry[]', but here has type 'Iterable<GPUBindGroupEntry>'.
node_modules/@webgpu/types/dist/index.d.ts(594,3): error TS2717: Subsequent property declarations must have the same type.  Property 'entries' must be of type 'GPUBindGroupLayoutEntry[]', but here has type 'Iterable<GPUBindGroupLayoutEntry>'.
node_modules/@webgpu/types/dist/index.d.ts(750,3): error TS2717: Subsequent property declarations must have the same type.  Property 'viewFormats' must be of type 'GPUTextureFormat[] | undefined', but here has type 'Iterable<GPUTextureFormat> | undefined'.
node_modules/@webgpu/types/dist/index.d.ts(963,3): error TS2717: Subsequent property declarations must have the same type.  Property 'requiredFeatures' must be of type 'GPUFeatureName[] | undefined', but here has type 'Iterable<GPUFeatureName> | undefined'.
node_modules/@webgpu/types/dist/index.d.ts(1028,3): error TS2717: Subsequent property declarations must have the same type.  Property 'targets' must be of type '(GPUColorTargetState | null)[]', but here has type 'Iterable<GPUColorTargetState | null | undefined>'.
node_modules/@webgpu/types/dist/index.d.ts(1096,3): error TS2717: Subsequent property declarations must have the same type.  Property 'bindGroupLayouts' must be of type '(GPUBindGroupLayout | null)[]', but here has type 'Iterable<GPUBindGroupLayout | null | undefined>'.
node_modules/@webgpu/types/dist/index.d.ts(1367,3): error TS2717: Subsequent property declarations must have the same type.  Property 'colorAttachments' must be of type '(GPURenderPassColorAttachment | null)[]', but here has type 'Iterable<GPURenderPassColorAttachment | null | undefined>'.
node_modules/@webgpu/types/dist/index.d.ts(1400,3): error TS2717: Subsequent property declarations must have the same type.  Property 'colorFormats' must be of type '(GPUTextureFormat | null)[]', but here has type 'Iterable<GPUTextureFormat | null | undefined>'.
node_modules/@webgpu/types/dist/index.d.ts(1750,3): error TS2717: Subsequent property declarations must have the same type.  Property 'size' must be of type 'GPUExtent3D', but here has type 'GPUExtent3DStrict'.
node_modules/@webgpu/types/dist/index.d.ts(1794,3): error TS2717: Subsequent property declarations must have the same type.  Property 'viewFormats' must be of type 'GPUTextureFormat[] | undefined', but here has type 'Iterable<GPUTextureFormat> | undefined'.
node_modules/@webgpu/types/dist/index.d.ts(1900,3): error TS2717: Subsequent property declarations must have the same type.  Property 'attributes' must be of type 'GPUVertexAttribute[]', but here has type 'Iterable<GPUVertexAttribute>'.
node_modules/@webgpu/types/dist/index.d.ts(1909,3): error TS2717: Subsequent property declarations must have the same type.  Property 'buffers' must be of type '(GPUVertexBufferLayout | null)[] | undefined', but here has type 'Iterable<GPUVertexBufferLayout | null | undefined> | undefined'.
node_modules/@webgpu/types/dist/index.d.ts(2140,13): error TS2403: Subsequent variable declarations must have the same type.  Variable 'GPU' must be of type '{ new (): GPU; prototype: GPU; }', but here has type '{ new (): never; prototype: GPU; }'.
node_modules/@webgpu/types/dist/index.d.ts(2181,13): error TS2403: Subsequent variable declarations must have the same type.  Variable 'GPUAdapter' must be of type '{ new (): GPUAdapter; prototype: GPUAdapter; }', but here has type '{ new (): never; prototype: GPUAdapter; }'.
node_modules/@webgpu/types/dist/index.d.ts(2221,12): error TS2687: All declarations of 'subgroupMinSize' must have identical modifiers.
node_modules/@webgpu/types/dist/index.d.ts(2221,12): error TS2717: Subsequent property declarations must have the same type.  Property 'subgroupMinSize' must be of type 'number', but here has type 'number | undefined'.
node_modules/@webgpu/types/dist/index.d.ts(2229,12): error TS2687: All declarations of 'subgroupMaxSize' must have identical modifiers.
node_modules/@webgpu/types/dist/index.d.ts(2229,12): error TS2717: Subsequent property declarations must have the same type.  Property 'subgroupMaxSize' must be of type 'number', but here has type 'number | undefined'.
node_modules/@webgpu/types/dist/index.d.ts(2236,13): error TS2403: Subsequent variable declarations must have the same type.  Variable 'GPUAdapterInfo' must be of type '{ new (): GPUAdapterInfo; prototype: GPUAdapterInfo; }', but here has type '{ new (): never; prototype: GPUAdapterInfo; }'.
node_modules/@webgpu/types/dist/index.d.ts(2247,13): error TS2403: Subsequent variable declarations must have the same type.  Variable 'GPUBindGroup' must be of type '{ new (): GPUBindGroup; prototype: GPUBindGroup; }', but here has type '{ new (): never; prototype: GPUBindGroup; }'.
node_modules/@webgpu/types/dist/index.d.ts(2258,13): error TS2403: Subsequent variable declarations must have the same type.  Variable 'GPUBindGroupLayout' must be of type '{ new (): GPUBindGroupLayout; prototype: GPUBindGroupLayout; }', but here has type '{ new (): never; prototype: GPUBindGroupLayout; }'.
node_modules/@webgpu/types/dist/index.d.ts(2314,13): error TS2403: Subsequent variable declarations must have the same type.  Variable 'GPUBuffer' must be of type '{ new (): GPUBuffer; prototype: GPUBuffer; }', but here has type '{ new (): never; prototype: GPUBuffer; }'.
node_modules/@webgpu/types/dist/index.d.ts(2359,13): error TS2403: Subsequent variable declarations must have the same type.  Variable 'GPUCanvasContext' must be of type '{ new (): GPUCanvasContext; prototype: GPUCanvasContext; }', but here has type '{ new (): never; prototype: GPUCanvasContext; }'.
node_modules/@webgpu/types/dist/index.d.ts(2370,13): error TS2403: Subsequent variable declarations must have the same type.  Variable 'GPUCommandBuffer' must be of type '{ new (): GPUCommandBuffer; prototype: GPUCommandBuffer; }', but here has type '{ new (): never; prototype: GPUCommandBuffer; }'.
node_modules/@webgpu/types/dist/index.d.ts(2488,13): error TS2403: Subsequent variable declarations must have the same type.  Variable 'GPUCommandEncoder' must be of type '{ new (): GPUCommandEncoder; prototype: GPUCommandEncoder; }', but here has type '{ new (): never; prototype: GPUCommandEncoder; }'.
node_modules/@webgpu/types/dist/index.d.ts(2499,13): error TS2403: Subsequent variable declarations must have the same type.  Variable 'GPUCompilationInfo' must be of type '{ new (): GPUCompilationInfo; prototype: GPUCompilationInfo; }', but here has type '{ new (): never; prototype: GPUCompilationInfo; }'.
node_modules/@webgpu/types/dist/index.d.ts(2559,13): error TS2403: Subsequent variable declarations must have the same type.  Variable 'GPUCompilationMessage' must be of type '{ new (): GPUCompilationMessage; prototype: GPUCompilationMessage; }', but here has type '{ new (): never; prototype: GPUCompilationMessage; }'.
node_modules/@webgpu/types/dist/index.d.ts(2610,13): error TS2403: Subsequent variable declarations must have the same type.  Variable 'GPUComputePassEncoder' must be of type '{ new (): GPUComputePassEncoder; prototype: GPUComputePassEncoder; }', but here has type '{ new (): never; prototype: GPUComputePassEncoder; }'.
node_modules/@webgpu/types/dist/index.d.ts(2622,13): error TS2403: Subsequent variable declarations must have the same type.  Variable 'GPUComputePipeline' must be of type '{ new (): GPUComputePipeline; prototype: GPUComputePipeline; }', but here has type '{ new (): never; prototype: GPUComputePipeline; }'.
node_modules/@webgpu/types/dist/index.d.ts(2809,13): error TS2403: Subsequent variable declarations must have the same type.  Variable 'GPUDevice' must be of type '{ new (): GPUDevice; prototype: GPUDevice; }', but here has type '{ new (): never; prototype: GPUDevice; }'.
node_modules/@webgpu/types/dist/index.d.ts(2821,13): error TS2403: Subsequent variable declarations must have the same type.  Variable 'GPUDeviceLostInfo' must be of type '{ new (): GPUDeviceLostInfo; prototype: GPUDeviceLostInfo; }', but here has type '{ new (): never; prototype: GPUDeviceLostInfo; }'.
node_modules/@webgpu/types/dist/index.d.ts(2845,13): error TS2403: Subsequent variable declarations must have the same type.  Variable 'GPUError' must be of type '{ new (): GPUError; prototype: GPUError; }', but here has type '{ new (): never; prototype: GPUError; }'.
node_modules/@webgpu/types/dist/index.d.ts(2856,13): error TS2403: Subsequent variable declarations must have the same type.  Variable 'GPUExternalTexture' must be of type '{ new (): GPUExternalTexture; prototype: GPUExternalTexture; }', but here has type '{ new (): never; prototype: GPUExternalTexture; }'.
node_modules/@webgpu/types/dist/index.d.ts(2902,13): error TS2403: Subsequent variable declarations must have the same type.  Variable 'GPUPipelineError' must be of type '{ new (message: string, options: GPUPipelineErrorInit): GPUPipelineError; prototype: GPUPipelineError; }', but here has type '{ new (message: string | undefined, options: GPUPipelineErrorInit): GPUPipelineError; prototype: GPUPipelineError; }'.
node_modules/@webgpu/types/dist/index.d.ts(2918,13): error TS2403: Subsequent variable declarations must have the same type.  Variable 'GPUPipelineLayout' must be of type '{ new (): GPUPipelineLayout; prototype: GPUPipelineLayout; }', but here has type '{ new (): never; prototype: GPUPipelineLayout; }'.
node_modules/@webgpu/types/dist/index.d.ts(2941,13): error TS2403: Subsequent variable declarations must have the same type.  Variable 'GPUQuerySet' must be of type '{ new (): GPUQuerySet; prototype: GPUQuerySet; }', but here has type '{ new (): never; prototype: GPUQuerySet; }'.
node_modules/@webgpu/types/dist/index.d.ts(3017,13): error TS2403: Subsequent variable declarations must have the same type.  Variable 'GPUQueue' must be of type '{ new (): GPUQueue; prototype: GPUQueue; }', but here has type '{ new (): never; prototype: GPUQueue; }'.
node_modules/@webgpu/types/dist/index.d.ts(3028,13): error TS2403: Subsequent variable declarations must have the same type.  Variable 'GPURenderBundle' must be of type '{ new (): GPURenderBundle; prototype: GPURenderBundle; }', but here has type '{ new (): never; prototype: GPURenderBundle; }'.
node_modules/@webgpu/types/dist/index.d.ts(3050,13): error TS2403: Subsequent variable declarations must have the same type.  Variable 'GPURenderBundleEncoder' must be of type '{ new (): GPURenderBundleEncoder; prototype: GPURenderBundleEncoder; }', but here has type '{ new (): never; prototype: GPURenderBundleEncoder; }'.
node_modules/@webgpu/types/dist/index.d.ts(3141,13): error TS2403: Subsequent variable declarations must have the same type.  Variable 'GPURenderPassEncoder' must be of type '{ new (): GPURenderPassEncoder; prototype: GPURenderPassEncoder; }', but here has type '{ new (): never; prototype: GPURenderPassEncoder; }'.
node_modules/@webgpu/types/dist/index.d.ts(3153,13): error TS2403: Subsequent variable declarations must have the same type.  Variable 'GPURenderPipeline' must be of type '{ new (): GPURenderPipeline; prototype: GPURenderPipeline; }', but here has type '{ new (): never; prototype: GPURenderPipeline; }'.
node_modules/@webgpu/types/dist/index.d.ts(3164,13): error TS2403: Subsequent variable declarations must have the same type.  Variable 'GPUSampler' must be of type '{ new (): GPUSampler; prototype: GPUSampler; }', but here has type '{ new (): never; prototype: GPUSampler; }'.
node_modules/@webgpu/types/dist/index.d.ts(3181,13): error TS2403: Subsequent variable declarations must have the same type.  Variable 'GPUShaderModule' must be of type '{ new (): GPUShaderModule; prototype: GPUShaderModule; }', but here has type '{ new (): never; prototype: GPUShaderModule; }'.
node_modules/@webgpu/types/dist/index.d.ts(3250,13): error TS2403: Subsequent variable declarations must have the same type.  Variable 'GPUSupportedLimits' must be of type '{ new (): GPUSupportedLimits; prototype: GPUSupportedLimits; }', but here has type '{ new (): never; prototype: GPUSupportedLimits; }'.
node_modules/@webgpu/types/dist/index.d.ts(3320,13): error TS2403: Subsequent variable declarations must have the same type.  Variable 'GPUTexture' must be of type '{ new (): GPUTexture; prototype: GPUTexture; }', but here has type '{ new (): never; prototype: GPUTexture; }'.
node_modules/@webgpu/types/dist/index.d.ts(3331,13): error TS2403: Subsequent variable declarations must have the same type.  Variable 'GPUTextureView' must be of type '{ new (): GPUTextureView; prototype: GPUTextureView; }', but here has type '{ new (): never; prototype: GPUTextureView; }'.
node_modules/tas-client/dist/tas-client.d.ts(1,48): error TS2307: Cannot find module './contracts/IExperimentationFilterProvider.js' or its corresponding type declarations.
node_modules/tas-client/dist/tas-client.d.ts(2,41): error TS2307: Cannot find module './contracts/IExperimentationService.js' or its corresponding type declarations.
node_modules/tas-client/dist/tas-client.d.ts(3,43): error TS2307: Cannot find module './contracts/IExperimentationTelemetry.js' or its corresponding type declarations.
node_modules/tas-client/dist/tas-client.d.ts(4,34): error TS2307: Cannot find module './contracts/IKeyValueStorage.js' or its corresponding type declarations.
node_modules/tas-client/dist/tas-client.d.ts(5,40): error TS2307: Cannot find module './tas-client/ExperimentationService.js' or its corresponding type declarations.
node_modules/tas-client/dist/tas-client.d.ts(6,46): error TS2307: Cannot find module './contracts/ExperimentationServiceConfig.js' or its corresponding type declarations.
node_modules/typescript/lib/lib.dom.d.ts(24,1): error TS6200: Definitions of the following identifiers conflict with those in another file: GPUBindingResource, GPUBufferDynamicOffset, GPUBufferUsageFlags, GPUColor, GPUColorWriteFlags, GPUCopyExternalImageSource, GPUDepthBias, GPUExtent3D, GPUFlagsConstant, GPUIndex32, GPUIntegerCoordinate, GPUIntegerCoordinateOut, GPUMapModeFlags, GPUOrigin2D, GPUOrigin3D, GPUPipelineConstantValue, GPUSampleMask, GPUShaderStageFlags, GPUSignedOffset32, GPUSize32, GPUSize32Out, GPUSize64, GPUSize64Out, GPUStencilValue, GPUTextureUsageFlags, GPUAddressMode, GPUAutoLayoutMode, GPUBlendFactor, GPUBlendOperation, GPUBufferBindingType, GPUBufferMapState, GPUCanvasAlphaMode, GPUCanvasToneMappingMode, GPUCompareFunction, GPUCompilationMessageType, GPUCullMode, GPUDeviceLostReason, GPUErrorFilter, GPUFeatureName, GPUFilterMode, GPUFrontFace, GPUIndexFormat, GPULoadOp, GPUMipmapFilterMode, GPUPipelineErrorReason, GPUPowerPreference, GPUPrimitiveTopology, GPUQueryType, GPUSamplerBindingType, GPUStencilOperation, GPUStorageTextureAccess, GPUStoreOp, GPUTextureAspect, GPUTextureDimension, GPUTextureFormat, GPUTextureSampleType, GPUTextureViewDimension, GPUVertexFormat, GPUVertexStepMode, GPUCommandBufferDescriptor, GPUCommandEncoderDescriptor, GPUQueueDescriptor, GPURenderBundleDescriptor, GPUSupportedFeatures, WGSLLanguageFeatures
node_modules/typescript/lib/lib.dom.d.ts(15223,14): error TS2687: All declarations of 'subgroupMaxSize' must have identical modifiers.
node_modules/typescript/lib/lib.dom.d.ts(15229,14): error TS2687: All declarations of 'subgroupMinSize' must have identical modifiers.
src/vs/sessions/contrib/welcome/browser/welcome.contribution.ts(22,82): error TS2307: Cannot find module '../../../../workbench/services/chat/common/chatEntitlementService.js' or its corresponding type declarations.
src/vs/sessions/sessions.common.main.ts(135,8): error TS2882: Cannot find module or type declarations for side-effect import of '../workbench/services/chat/common/chatEntitlementService.js'.
src/vs/sessions/test/web.test.ts(14,74): error TS2307: Cannot find module '../../workbench/services/chat/common/chatEntitlementService.js' or its corresponding type declarations.
src/vs/workbench/contrib/chat/browser/actions/chatActions.ts(40,58): error TS2307: Cannot find module '../../../../services/chat/common/chatEntitlementService.js' or its corresponding type declarations.
src/vs/workbench/contrib/chat/browser/actions/chatActions.ts(1177,30): error TS18046: 'chatEntitlementService' is of type 'unknown'.
src/vs/workbench/contrib/chat/browser/actions/chatActions.ts(1178,37): error TS18046: 'chatEntitlementService' is of type 'unknown'.
src/vs/workbench/contrib/chat/browser/actions/chatActions.ts(1187,8): error TS18046: 'chatEntitlementService' is of type 'unknown'.
src/vs/workbench/contrib/chat/browser/actions/chatActions.ts(1188,27): error TS18046: 'chatEntitlementService' is of type 'unknown'.
src/vs/workbench/contrib/chat/browser/actions/chatActions.ts(1189,37): error TS18046: 'chatEntitlementService' is of type 'unknown'.
src/vs/workbench/contrib/chat/browser/actions/chatActions.ts(1193,17): error TS18046: 'chatEntitlementService' is of type 'unknown'.
src/vs/workbench/contrib/chat/browser/agentSessions/agentSessionsModel.ts(25,41): error TS2307: Cannot find module '../../../../services/chat/common/chatEntitlementService.js' or its corresponding type declarations.
src/vs/workbench/contrib/chat/browser/agentSessions/experiments/agentTitleBarStatusWidget.ts(47,58): error TS2307: Cannot find module '../../../../../services/chat/common/chatEntitlementService.js' or its corresponding type declarations.
src/vs/workbench/contrib/chat/browser/attachments/chatAttachmentWidgets.ts(68,41): error TS2307: Cannot find module '../../../../services/chat/common/chatEntitlementService.js' or its corresponding type declarations.
src/vs/workbench/contrib/chat/browser/chat.contribution.ts(30,58): error TS2307: Cannot find module '../../../services/chat/common/chatEntitlementService.js' or its corresponding type declarations.
src/vs/workbench/contrib/chat/browser/chatManagement/chatManagementEditor.ts(23,75): error TS2307: Cannot find module '../../../../services/chat/common/chatEntitlementService.js' or its corresponding type declarations.
src/vs/workbench/contrib/chat/browser/chatManagement/chatModelsWidget.ts(30,58): error TS2307: Cannot find module '../../../../services/chat/common/chatEntitlementService.js' or its corresponding type declarations.
src/vs/workbench/contrib/chat/browser/chatManagement/chatUsageWidget.ts(11,57): error TS2307: Cannot find module '../../../../services/chat/common/chatEntitlementService.js' or its corresponding type declarations.
src/vs/workbench/contrib/chat/browser/chatRepoInfo.ts(17,41): error TS2307: Cannot find module '../../../services/chat/common/chatEntitlementService.js' or its corresponding type declarations.
src/vs/workbench/contrib/chat/browser/chatSetup/chatSetupContributions.ts(34,142): error TS2307: Cannot find module '../../../../services/chat/common/chatEntitlementService.js' or its corresponding type declarations.
src/vs/workbench/contrib/chat/browser/chatSetup/chatSetupContributions.ts(88,114): error TS2554: Expected 1 arguments, but got 3.
src/vs/workbench/contrib/chat/browser/chatSetup/chatSetupContributions.ts(292,22): error TS18046: 'chatEntitlementService' is of type 'unknown'.
src/vs/workbench/contrib/chat/browser/chatSetup/chatSetupController.ts(28,93): error TS2307: Cannot find module '../../../../services/chat/common/chatEntitlementService.js' or its corresponding type declarations.
src/vs/workbench/contrib/chat/browser/chatSetup/chatSetupProviders.ts(27,82): error TS2307: Cannot find module '../../../../services/chat/common/chatEntitlementService.js' or its corresponding type declarations.
src/vs/workbench/contrib/chat/browser/chatSetup/chatSetupRunner.ts(29,117): error TS2307: Cannot find module '../../../../services/chat/common/chatEntitlementService.js' or its corresponding type declarations.
src/vs/workbench/contrib/chat/browser/chatStatus/chatStatus.ts(6,58): error TS2307: Cannot find module '../../../../services/chat/common/chatEntitlementService.js' or its corresponding type declarations.
src/vs/workbench/contrib/chat/browser/chatStatus/chatStatusDashboard.ts(40,115): error TS2307: Cannot find module '../../../../services/chat/common/chatEntitlementService.js' or its corresponding type declarations.
src/vs/workbench/contrib/chat/browser/chatStatus/chatStatusEntry.ts(11,93): error TS2307: Cannot find module '../../../../services/chat/common/chatEntitlementService.js' or its corresponding type declarations.
src/vs/workbench/contrib/chat/browser/chatTipService.ts(21,58): error TS2307: Cannot find module '../../../services/chat/common/chatEntitlementService.js' or its corresponding type declarations.
src/vs/workbench/contrib/chat/browser/widget/chatContentParts/chatAnonymousRateLimitedPart.ts(16,41): error TS2307: Cannot find module '../../../../../services/chat/common/chatEntitlementService.js' or its corresponding type declarations.
src/vs/workbench/contrib/chat/browser/widget/chatContentParts/chatQuotaExceededPart.ts(20,58): error TS2307: Cannot find module '../../../../../services/chat/common/chatEntitlementService.js' or its corresponding type declarations.
src/vs/workbench/contrib/chat/browser/widget/chatContentParts/chatTipContentPart.ts(27,58): error TS2307: Cannot find module '../../../../../services/chat/common/chatEntitlementService.js' or its corresponding type declarations.
src/vs/workbench/contrib/chat/browser/widget/chatListRenderer.ts(49,41): error TS2307: Cannot find module '../../../../services/chat/common/chatEntitlementService.js' or its corresponding type declarations.
src/vs/workbench/contrib/chat/browser/widget/chatWidget.ts(48,41): error TS2307: Cannot find module '../../../../services/chat/common/chatEntitlementService.js' or its corresponding type declarations.
src/vs/workbench/contrib/chat/browser/widget/input/chatInputPart.ts(76,41): error TS2307: Cannot find module '../../../../../services/chat/common/chatEntitlementService.js' or its corresponding type declarations.
src/vs/workbench/contrib/chat/browser/widget/input/chatModelPicker.ts(28,69): error TS2307: Cannot find module '../../../../../services/chat/common/chatEntitlementService.js' or its corresponding type declarations.
src/vs/workbench/contrib/chat/browser/widget/input/chatStatusWidget.ts(16,86): error TS2307: Cannot find module '../../../../../services/chat/common/chatEntitlementService.js' or its corresponding type declarations.
src/vs/workbench/contrib/chat/browser/widget/input/modelPickerActionItem.ts(22,58): error TS2307: Cannot find module '../../../../../services/chat/common/chatEntitlementService.js' or its corresponding type declarations.
src/vs/workbench/contrib/chat/browser/widgetHosts/chatQuick.ts(25,41): error TS2307: Cannot find module '../../../../services/chat/common/chatEntitlementService.js' or its corresponding type declarations.
src/vs/workbench/contrib/chat/browser/widgetHosts/viewPane/chatViewPane.ts(66,41): error TS2307: Cannot find module '../../../../../services/chat/common/chatEntitlementService.js' or its corresponding type declarations.
src/vs/workbench/contrib/chat/common/actions/chatContextKeys.ts(11,44): error TS2307: Cannot find module '../../../../services/chat/common/chatEntitlementService.js' or its corresponding type declarations.
src/vs/workbench/contrib/chat/common/chatService/chatServiceImpl.ts(32,41): error TS2307: Cannot find module '../../../../services/chat/common/chatEntitlementService.js' or its corresponding type declarations.
src/vs/workbench/contrib/chat/electron-browser/actions/chatExportZip.ts(15,44): error TS2307: Cannot find module '../../../../services/chat/common/chatEntitlementService.js' or its corresponding type declarations.
src/vs/workbench/contrib/chat/electron-browser/agentSessions/agentSessionsActions.ts(10,44): error TS2307: Cannot find module '../../../../services/chat/common/chatEntitlementService.js' or its corresponding type declarations.
src/vs/workbench/contrib/chat/electron-browser/chat.contribution.ts(38,41): error TS2307: Cannot find module '../../../services/chat/common/chatEntitlementService.js' or its corresponding type declarations.
src/vs/workbench/contrib/chat/test/browser/chatTipService.test.ts(29,58): error TS2307: Cannot find module '../../../../services/chat/common/chatEntitlementService.js' or its corresponding type declarations.
src/vs/workbench/contrib/chat/test/browser/widget/input/chatModelPicker.test.ts(16,58): error TS2307: Cannot find module '../../../../../../services/chat/common/chatEntitlementService.js' or its corresponding type declarations.
src/vs/workbench/contrib/chat/test/common/chatService/chatService.test.ts(34,41): error TS2307: Cannot find module '../../../../../services/chat/common/chatEntitlementService.js' or its corresponding type declarations.
src/vs/workbench/contrib/editTelemetry/browser/editTelemetryContribution.ts(17,41): error TS2307: Cannot find module '../../../services/chat/common/chatEntitlementService.js' or its corresponding type declarations.
src/vs/workbench/contrib/inlineChat/browser/inlineChatActions.ts(32,44): error TS2307: Cannot find module '../../../services/chat/common/chatEntitlementService.js' or its corresponding type declarations.
src/vs/workbench/contrib/inlineChat/browser/inlineChatAffordance.ts(15,41): error TS2307: Cannot find module '../../../services/chat/common/chatEntitlementService.js' or its corresponding type declarations.
src/vs/workbench/contrib/inlineChat/browser/inlineChatWidget.ts(39,41): error TS2307: Cannot find module '../../../services/chat/common/chatEntitlementService.js' or its corresponding type declarations.
src/vs/workbench/contrib/inlineCompletions/browser/inlineCompletionLanguageStatusBarContribution.ts(14,41): error TS2307: Cannot find module '../../../services/chat/common/chatEntitlementService.js' or its corresponding type declarations.
src/vs/workbench/contrib/notebook/browser/controller/chat/notebook.chat.contribution.ts(22,34): error TS6133: 'registerWorkbenchContribution2' is declared but its value is never read.
src/vs/workbench/contrib/notebook/browser/controller/chat/notebook.chat.contribution.ts(22,66): error TS6133: 'WorkbenchPhase' is declared but its value is never read.
src/vs/workbench/contrib/notebook/browser/controller/chat/notebook.chat.contribution.ts(44,7): error TS6196: 'NotebookChatContribution' is declared but never used.
src/vs/workbench/contrib/preferences/browser/settingsEditor2.ts(54,41): error TS2307: Cannot find module '../../../services/chat/common/chatEntitlementService.js' or its corresponding type declarations.
src/vs/workbench/contrib/preferences/common/preferences.ts(15,41): error TS2307: Cannot find module '../../../services/chat/common/chatEntitlementService.js' or its corresponding type declarations.
src/vs/workbench/contrib/terminalContrib/chat/browser/terminalChatController.ts(17,41): error TS2307: Cannot find module '../../../../services/chat/common/chatEntitlementService.js' or its corresponding type declarations.
src/vs/workbench/contrib/terminalContrib/inlineHint/browser/terminal.initialHint.contribution.ts(35,41): error TS2307: Cannot find module '../../../../services/chat/common/chatEntitlementService.js' or its corresponding type declarations.
src/vs/workbench/contrib/welcomeGettingStarted/browser/gettingStarted.contribution.ts(64,9): error TS6133: 'configurationService' is declared but its value is never read.
src/vs/workbench/services/assignment/common/assignmentFilters.ts(9,1): error TS6133: 'getInternalOrg' is declared but its value is never read.
src/vs/workbench/test/browser/componentFixtures/chatInput.fixture.ts(36,41): error TS2307: Cannot find module '../../../services/chat/common/chatEntitlementService.js' or its corresponding type declarations.
src/vs/workbench/test/browser/workbenchTestServices.ts(146,41): error TS2307: Cannot find module '../../services/chat/common/chatEntitlementService.js' or its corresponding type declarations.
src/vs/workbench/test/common/workbenchTestServices.ts(35,58): error TS2307: Cannot find module '../../services/chat/common/chatEntitlementService.js' or its corresponding type declarations.
